
=== adna.network token layer / light (pairs from WebForge tokens/check_aa.py) ===
  PASS  16.48:1  (>= 4.5)  body text on app bg  [foreground #1f1f1f / background #ffffff]
  PASS   5.74:1  (>= 4.5)  muted text on app bg  [muted-foreground #666666 / background #ffffff]
  PASS   5.49:1  (>= 4.5)  accent-as-text on app bg  [primary-text #1f6f9e / background #ffffff]
  PASS  18.42:1  (>= 4.5)  heading on app bg  [heading #141414 / background #ffffff]
  PASS  16.48:1  (>= 4.5)  body text on surface  [foreground #1f1f1f / surface #ffffff]
  PASS   5.74:1  (>= 4.5)  muted text on surface  [muted-foreground #666666 / surface #ffffff]
  PASS  15.39:1  (>= 4.5)  text on elevated surface  [foreground #1f1f1f / surface-elevated #f7f7f7]
  PASS   6.27:1  (>= 4.5)  text/icon on solid primary fill  [on-primary #ffffff / primary #6d4bb8]
  PASS   8.47:1  (>= 4.5)  text/icon on hovered primary fill  [on-primary #ffffff / primary-hover #58399c]
  PASS   6.27:1  (>= 3.0)  focus ring vs app bg (non-text)  [ring #6d4bb8 / background #ffffff]
  PASS   6.27:1  (>= 3.0)  focus ring vs surface (non-text)  [ring #6d4bb8 / surface #ffffff]
  PASS  15.23:1  (>= 4.5)  badge ink on in-progress pill  [--color-badge-text #1a1b26 / --color-badge-in-progress #fef1d1]
  PASS  12.27:1  (>= 4.5)  badge ink on completed pill  [--color-badge-text #1a1b26 / --color-badge-completed #b9e4d0]
  PASS  13.82:1  (>= 4.5)  badge ink on planned pill  [--color-badge-text #1a1b26 / --color-badge-planned #e7e7e7]
  PASS   5.49:1  (>= 4.5)  link on app bg  [--color-link #1f6f9e / --color-bg #ffffff]
  PASS   5.49:1  (>= 4.5)  link on surface  [--color-link #1f6f9e / --color-surface #ffffff]
  PASS   7.92:1  (>= 4.5)  hovered link on app bg  [--color-link-hover #14567c / --color-bg #ffffff]
  PASS   6.02:1  (>= 4.5)  success text on app bg  [--color-success #137236 / --color-bg #ffffff]
  PASS   4.80:1  (>= 4.5)  error text on app bg  [--color-error #dc2828 / --color-bg #ffffff]
  PASS   5.36:1  (>= 4.5)  muted text on elevated surface  [--color-text-muted #666666 / --color-bg-alt #f7f7f7]

=== adna.network token layer / dark (pairs from WebForge tokens/check_aa.py) ===
  PASS  10.59:1  (>= 4.5)  body text on app bg  [foreground #c0caf5 / background #1a1b26]
  PASS   7.04:1  (>= 4.5)  muted text on app bg  [muted-foreground #9aa5ce / background #1a1b26]
  PASS   9.96:1  (>= 4.5)  accent-as-text on app bg  [primary-text #7dcfff / background #1a1b26]
  PASS  17.09:1  (>= 4.5)  heading on app bg  [heading #ffffff / background #1a1b26]
  PASS   9.02:1  (>= 4.5)  body text on surface  [foreground #c0caf5 / surface #24283b]
  PASS   6.00:1  (>= 4.5)  muted text on surface  [muted-foreground #9aa5ce / surface #24283b]
  PASS   9.63:1  (>= 4.5)  text on elevated surface  [foreground #c0caf5 / surface-elevated #1f2335]
  PASS   6.27:1  (>= 4.5)  text/icon on solid primary fill  [on-primary #ffffff / primary #6d4bb8]
  PASS   5.02:1  (>= 4.5)  text/icon on hovered primary fill  [on-primary #ffffff / primary-hover #7c5cc4]
  PASS   5.13:1  (>= 3.0)  focus ring vs app bg (non-text)  [ring #9d7cd8 / background #1a1b26]
  PASS   4.38:1  (>= 3.0)  focus ring vs surface (non-text)  [ring #9d7cd8 / surface #24283b]
  PASS  15.23:1  (>= 4.5)  badge ink on in-progress pill  [--color-badge-text #1a1b26 / --color-badge-in-progress #fef1d1]
  PASS  12.27:1  (>= 4.5)  badge ink on completed pill  [--color-badge-text #1a1b26 / --color-badge-completed #b9e4d0]
  PASS  13.82:1  (>= 4.5)  badge ink on planned pill  [--color-badge-text #1a1b26 / --color-badge-planned #e7e7e7]
  PASS   9.96:1  (>= 4.5)  link on app bg  [--color-link #7dcfff / --color-bg #1a1b26]
  PASS   8.49:1  (>= 4.5)  link on surface  [--color-link #7dcfff / --color-surface #24283b]
  PASS  11.36:1  (>= 4.5)  hovered link on app bg  [--color-link-hover #a9d8ff / --color-bg #1a1b26]
  PASS   9.76:1  (>= 4.5)  success text on app bg  [--color-success #3adf76 / --color-bg #1a1b26]
  PASS   5.22:1  (>= 4.5)  error text on app bg  [--color-error #e66565 / --color-bg #1a1b26]
  PASS   6.41:1  (>= 4.5)  muted text on elevated surface  [--color-text-muted #9aa5ce / --color-bg-alt #1f2335]

AA PASS: 0 pair(s) below floor.
